ARM Linker, 5.03 [Build 76] [MDK-ARM Lite]

==============================================================================

Section Cross References

    startup_stm32f0xx.o(RESET) refers to startup_stm32f0xx.o(STACK) for __initial_sp
    startup_stm32f0xx.o(RESET) refers to startup_stm32f0xx.o(.text) for Reset_Handler
    startup_stm32f0xx.o(RESET) refers to main.o(.text) for EXTI2_3_IRQHandler
    startup_stm32f0xx.o(.text) refers to system_stm32f0xx.o(.text) for SystemInit
    startup_stm32f0xx.o(.text) refers to entry.o(.ARM.Collect$$$$00000000) for __main
    main.o(.text) refers to stm32f0xx_gpio.o(.text) for GPIO_ReadInputDataBit
    main.o(.text) refers to rand.o(.text) for rand
    main.o(.text) refers to initial.o(.text) for init_rgb
    main.o(.text) refers to stm32f0xx_exti.o(.text) for EXTI_GetITStatus
    main.o(.text) refers to main.o(.data) for a
    system_stm32f0xx.o(.text) refers to uidiv.o(.text) for __aeabi_uidivmod
    system_stm32f0xx.o(.text) refers to system_stm32f0xx.o(.data) for SystemCoreClock
    initial.o(.text) refers to stm32f0xx_rcc.o(.text) for RCC_AHBPeriphClockCmd
    initial.o(.text) refers to stm32f0xx_gpio.o(.text) for GPIO_StructInit
    initial.o(.text) refers to stm32f0xx_syscfg.o(.text) for SYSCFG_EXTILineConfig
    initial.o(.text) refers to stm32f0xx_exti.o(.text) for EXTI_StructInit
    initial.o(.text) refers to stm32f0xx_misc.o(.text) for NVIC_Init
    stm32f0xx_gpio.o(.text) refers to stm32f0xx_rcc.o(.text) for RCC_AHBPeriphResetCmd
    stm32f0xx_rcc.o(.text) refers to uidiv.o(.text) for __aeabi_uidivmod
    stm32f0xx_rcc.o(.text) refers to stm32f0xx_rcc.o(.data) for APBAHBPrescTable
    entry.o(.ARM.Collect$$$$00000000) refers (Special) to entry10a.o(.ARM.Collect$$$$0000000D) for __rt_final_cpp
    entry.o(.ARM.Collect$$$$00000000) refers (Special) to entry11a.o(.ARM.Collect$$$$0000000F) for __rt_final_exit
    entry.o(.ARM.Collect$$$$00000000) refers (Special) to entry7b.o(.ARM.Collect$$$$00000008) for _main_clock
    entry.o(.ARM.Collect$$$$00000000) refers (Special) to entry8b.o(.ARM.Collect$$$$0000000A) for _main_cpp_init
    entry.o(.ARM.Collect$$$$00000000) refers (Special) to entry9a.o(.ARM.Collect$$$$0000000B) for _main_init
    entry.o(.ARM.Collect$$$$00000000) refers (Special) to entry5.o(.ARM.Collect$$$$00000004) for _main_scatterload
    entry.o(.ARM.Collect$$$$00000000) refers (Special) to entry2.o(.ARM.Collect$$$$00000001) for _main_stk
    rand.o(.text) refers to rand.o(.data) for .data
    entry2.o(.ARM.Collect$$$$00000001) refers to entry2.o(.ARM.Collect$$$$00002712) for __lit__00000000
    entry2.o(.ARM.Collect$$$$00002712) refers to startup_stm32f0xx.o(STACK) for __initial_sp
    entry2.o(__vectab_stack_and_reset_area) refers to startup_stm32f0xx.o(STACK) for __initial_sp
    entry2.o(__vectab_stack_and_reset_area) refers to entry.o(.ARM.Collect$$$$00000000) for __main
    entry5.o(.ARM.Collect$$$$00000004) refers to init.o(.text) for __scatterload
    entry9a.o(.ARM.Collect$$$$0000000B) refers to main.o(.text) for main
    entry9b.o(.ARM.Collect$$$$0000000C) refers to main.o(.text) for main
    init.o(.text) refers to entry5.o(.ARM.Collect$$$$00000004) for __main_after_scatterload


==============================================================================

Removing Unused input sections from the image.

    Removing startup_stm32f0xx.o(HEAP), (512 bytes).
    Removing main.o(.rev16_text), (4 bytes).
    Removing main.o(.revsh_text), (4 bytes).
    Removing system_stm32f0xx.o(.rev16_text), (4 bytes).
    Removing system_stm32f0xx.o(.revsh_text), (4 bytes).
    Removing initial.o(.rev16_text), (4 bytes).
    Removing initial.o(.revsh_text), (4 bytes).
    Removing stm32f0xx_exti.o(.rev16_text), (4 bytes).
    Removing stm32f0xx_exti.o(.revsh_text), (4 bytes).
    Removing stm32f0xx_gpio.o(.rev16_text), (4 bytes).
    Removing stm32f0xx_gpio.o(.revsh_text), (4 bytes).
    Removing stm32f0xx_misc.o(.rev16_text), (4 bytes).
    Removing stm32f0xx_misc.o(.revsh_text), (4 bytes).
    Removing stm32f0xx_rcc.o(.rev16_text), (4 bytes).
    Removing stm32f0xx_rcc.o(.revsh_text), (4 bytes).
    Removing stm32f0xx_syscfg.o(.rev16_text), (4 bytes).
    Removing stm32f0xx_syscfg.o(.revsh_text), (4 bytes).

17 unused section(s) (total 576 bytes) removed from the image.

==============================================================================

Image Symbol Table

    Local Symbols

    Symbol Name                              Value     Ov Type        Size  Object(Section)

    ../clib/../cmprslib/zerorunl2.c          0x00000000   Number         0  __dczerorl2.o ABSOLUTE
    ../clib/microlib/division.c              0x00000000   Number         0  uidiv.o ABSOLUTE
    ../clib/microlib/init/entry.s            0x00000000   Number         0  entry9a.o ABSOLUTE
    ../clib/microlib/init/entry.s            0x00000000   Number         0  entry8b.o ABSOLUTE
    ../clib/microlib/init/entry.s            0x00000000   Number         0  entry8a.o ABSOLUTE
    ../clib/microlib/init/entry.s            0x00000000   Number         0  entry7b.o ABSOLUTE
    ../clib/microlib/init/entry.s            0x00000000   Number         0  entry11b.o ABSOLUTE
    ../clib/microlib/init/entry.s            0x00000000   Number         0  entry7a.o ABSOLUTE
    ../clib/microlib/init/entry.s            0x00000000   Number         0  entry5.o ABSOLUTE
    ../clib/microlib/init/entry.s            0x00000000   Number         0  entry2.o ABSOLUTE
    ../clib/microlib/init/entry.s            0x00000000   Number         0  entry.o ABSOLUTE
    ../clib/microlib/init/entry.s            0x00000000   Number         0  entry11a.o ABSOLUTE
    ../clib/microlib/init/entry.s            0x00000000   Number         0  entry10b.o ABSOLUTE
    ../clib/microlib/init/entry.s            0x00000000   Number         0  entry10a.o ABSOLUTE
    ../clib/microlib/init/entry.s            0x00000000   Number         0  entry9b.o ABSOLUTE
    ../clib/microlib/stdlib/rand.c           0x00000000   Number         0  rand.o ABSOLUTE
    dc.s                                     0x00000000   Number         0  dc.o ABSOLUTE
    handlers.s                               0x00000000   Number         0  handlers.o ABSOLUTE
    init.s                                   0x00000000   Number         0  init.o ABSOLUTE
    initial.c                                0x00000000   Number         0  initial.o ABSOLUTE
    initial.c                                0x00000000   Number         0  initial.o ABSOLUTE
    main.c                                   0x00000000   Number         0  main.o ABSOLUTE
    main.c                                   0x00000000   Number         0  main.o ABSOLUTE
    startup_stm32f0xx.s                      0x00000000   Number         0  startup_stm32f0xx.o ABSOLUTE
    stm32f0xx_exti.c                         0x00000000   Number         0  stm32f0xx_exti.o ABSOLUTE
    stm32f0xx_exti.c                         0x00000000   Number         0  stm32f0xx_exti.o ABSOLUTE
    stm32f0xx_gpio.c                         0x00000000   Number         0  stm32f0xx_gpio.o ABSOLUTE
    stm32f0xx_gpio.c                         0x00000000   Number         0  stm32f0xx_gpio.o ABSOLUTE
    stm32f0xx_misc.c                         0x00000000   Number         0  stm32f0xx_misc.o ABSOLUTE
    stm32f0xx_misc.c                         0x00000000   Number         0  stm32f0xx_misc.o ABSOLUTE
    stm32f0xx_rcc.c                          0x00000000   Number         0  stm32f0xx_rcc.o ABSOLUTE
    stm32f0xx_rcc.c                          0x00000000   Number         0  stm32f0xx_rcc.o ABSOLUTE
    stm32f0xx_syscfg.c                       0x00000000   Number         0  stm32f0xx_syscfg.o ABSOLUTE
    stm32f0xx_syscfg.c                       0x00000000   Number         0  stm32f0xx_syscfg.o ABSOLUTE
    system_stm32f0xx.c                       0x00000000   Number         0  system_stm32f0xx.o ABSOLUTE
    system_stm32f0xx.c                       0x00000000   Number         0  system_stm32f0xx.o ABSOLUTE
    RESET                                    0x08000000   Section      192  startup_stm32f0xx.o(RESET)
    .ARM.Collect$$$$00000000                 0x080000c0   Section        0  entry.o(.ARM.Collect$$$$00000000)
    .ARM.Collect$$$$00000001                 0x080000c0   Section        4  entry2.o(.ARM.Collect$$$$00000001)
    .ARM.Collect$$$$00000004                 0x080000c4   Section        4  entry5.o(.ARM.Collect$$$$00000004)
    .ARM.Collect$$$$00000008                 0x080000c8   Section        0  entry7b.o(.ARM.Collect$$$$00000008)
    .ARM.Collect$$$$0000000A                 0x080000c8   Section        0  entry8b.o(.ARM.Collect$$$$0000000A)
    .ARM.Collect$$$$0000000B                 0x080000c8   Section        8  entry9a.o(.ARM.Collect$$$$0000000B)
    .ARM.Collect$$$$0000000D                 0x080000d0   Section        0  entry10a.o(.ARM.Collect$$$$0000000D)
    .ARM.Collect$$$$0000000F                 0x080000d0   Section        0  entry11a.o(.ARM.Collect$$$$0000000F)
    .ARM.Collect$$$$00002712                 0x080000d0   Section        4  entry2.o(.ARM.Collect$$$$00002712)
    __lit__00000000                          0x080000d0   Data           4  entry2.o(.ARM.Collect$$$$00002712)
    .text                                    0x080000d4   Section       28  startup_stm32f0xx.o(.text)
    .text                                    0x080000f0   Section        0  main.o(.text)
    .text                                    0x080003c4   Section        0  system_stm32f0xx.o(.text)
    SetSysClock                              0x080003c5   Thumb Code   202  system_stm32f0xx.o(.text)
    .text                                    0x080005b8   Section        0  initial.o(.text)
    .text                                    0x08000670   Section        0  stm32f0xx_exti.o(.text)
    .text                                    0x08000774   Section        0  stm32f0xx_gpio.o(.text)
    .text                                    0x08000960   Section        0  stm32f0xx_misc.o(.text)
    .text                                    0x08000a14   Section        0  stm32f0xx_rcc.o(.text)
    .text                                    0x08001008   Section        0  stm32f0xx_syscfg.o(.text)
    .text                                    0x080010f8   Section        0  uidiv.o(.text)
    .text                                    0x08001124   Section        0  rand.o(.text)
    .text                                    0x08001148   Section       36  init.o(.text)
    .text                                    0x0800116c   Section        0  __dczerorl2.o(.text)
    i.__scatterload_copy                     0x080011c2   Section       14  handlers.o(i.__scatterload_copy)
    i.__scatterload_null                     0x080011d0   Section        2  handlers.o(i.__scatterload_null)
    i.__scatterload_zeroinit                 0x080011d2   Section       14  handlers.o(i.__scatterload_zeroinit)
    .data                                    0x20000000   Section      264  main.o(.data)
    .data                                    0x20000108   Section       20  system_stm32f0xx.o(.data)
    .data                                    0x2000011c   Section       16  stm32f0xx_rcc.o(.data)
    APBAHBPrescTable                         0x2000011c   Data          16  stm32f0xx_rcc.o(.data)
    .data                                    0x2000012c   Section        4  rand.o(.data)
    _rand_state                              0x2000012c   Data           4  rand.o(.data)
    STACK                                    0x20000130   Section     1024  startup_stm32f0xx.o(STACK)

    Global Symbols

    Symbol Name                              Value     Ov Type        Size  Object(Section)

    BuildAttributes$$THM_ISAv3M$S$PE$A:L22$X:L11$S22$IEEE1$IW$USESV6$~STKCKD$USESV7$~SHL$OSPACE$EBA8$MICROLIB$REQ8$PRES8$EABIv2 0x00000000   Number         0  anon$$obj.o ABSOLUTE
    __ARM_use_no_argv                        0x00000000   Number         0  main.o ABSOLUTE
    __cpp_initialize__aeabi_                  - Undefined Weak Reference
    __cxa_finalize                            - Undefined Weak Reference
    _clock_init                               - Undefined Weak Reference
    _microlib_exit                            - Undefined Weak Reference
    __Vectors_Size                           0x000000c0   Number         0  startup_stm32f0xx.o ABSOLUTE
    __Vectors                                0x08000000   Data           4  startup_stm32f0xx.o(RESET)
    __Vectors_End                            0x080000c0   Data           0  startup_stm32f0xx.o(RESET)
    __main                                   0x080000c1   Thumb Code     0  entry.o(.ARM.Collect$$$$00000000)
    _main_stk                                0x080000c1   Thumb Code     0  entry2.o(.ARM.Collect$$$$00000001)
    _main_scatterload                        0x080000c5   Thumb Code     0  entry5.o(.ARM.Collect$$$$00000004)
    __main_after_scatterload                 0x080000c9   Thumb Code     0  entry5.o(.ARM.Collect$$$$00000004)
    _main_clock                              0x080000c9   Thumb Code     0  entry7b.o(.ARM.Collect$$$$00000008)
    _main_cpp_init                           0x080000c9   Thumb Code     0  entry8b.o(.ARM.Collect$$$$0000000A)
    _main_init                               0x080000c9   Thumb Code     0  entry9a.o(.ARM.Collect$$$$0000000B)
    __rt_final_cpp                           0x080000d1   Thumb Code     0  entry10a.o(.ARM.Collect$$$$0000000D)
    __rt_final_exit                          0x080000d1   Thumb Code     0  entry11a.o(.ARM.Collect$$$$0000000F)
    Reset_Handler                            0x080000d5   Thumb Code     8  startup_stm32f0xx.o(.text)
    NMI_Handler                              0x080000dd   Thumb Code     2  startup_stm32f0xx.o(.text)
    HardFault_Handler                        0x080000df   Thumb Code     2  startup_stm32f0xx.o(.text)
    SVC_Handler                              0x080000e1   Thumb Code     2  startup_stm32f0xx.o(.text)
    PendSV_Handler                           0x080000e3   Thumb Code     2  startup_stm32f0xx.o(.text)
    SysTick_Handler                          0x080000e5   Thumb Code     2  startup_stm32f0xx.o(.text)
    ADC1_COMP_IRQHandler                     0x080000e7   Thumb Code     0  startup_stm32f0xx.o(.text)
    CEC_IRQHandler                           0x080000e7   Thumb Code     0  startup_stm32f0xx.o(.text)
    DMA1_Channel1_IRQHandler                 0x080000e7   Thumb Code     0  startup_stm32f0xx.o(.text)
    DMA1_Channel2_3_IRQHandler               0x080000e7   Thumb Code     0  startup_stm32f0xx.o(.text)
    DMA1_Channel4_5_IRQHandler               0x080000e7   Thumb Code     0  startup_stm32f0xx.o(.text)
    EXTI0_1_IRQHandler                       0x080000e7   Thumb Code     0  startup_stm32f0xx.o(.text)
    EXTI4_15_IRQHandler                      0x080000e7   Thumb Code     0  startup_stm32f0xx.o(.text)
    FLASH_IRQHandler                         0x080000e7   Thumb Code     0  startup_stm32f0xx.o(.text)
    I2C1_IRQHandler                          0x080000e7   Thumb Code     0  startup_stm32f0xx.o(.text)
    I2C2_IRQHandler                          0x080000e7   Thumb Code     0  startup_stm32f0xx.o(.text)
    PVD_IRQHandler                           0x080000e7   Thumb Code     0  startup_stm32f0xx.o(.text)
    RCC_IRQHandler                           0x080000e7   Thumb Code     0  startup_stm32f0xx.o(.text)
    RTC_IRQHandler                           0x080000e7   Thumb Code     0  startup_stm32f0xx.o(.text)
    SPI1_IRQHandler                          0x080000e7   Thumb Code     0  startup_stm32f0xx.o(.text)
    SPI2_IRQHandler                          0x080000e7   Thumb Code     0  startup_stm32f0xx.o(.text)
    TIM14_IRQHandler                         0x080000e7   Thumb Code     0  startup_stm32f0xx.o(.text)
    TIM15_IRQHandler                         0x080000e7   Thumb Code     0  startup_stm32f0xx.o(.text)
    TIM16_IRQHandler                         0x080000e7   Thumb Code     0  startup_stm32f0xx.o(.text)
    TIM17_IRQHandler                         0x080000e7   Thumb Code     0  startup_stm32f0xx.o(.text)
    TIM1_BRK_UP_TRG_COM_IRQHandler           0x080000e7   Thumb Code     0  startup_stm32f0xx.o(.text)
    TIM1_CC_IRQHandler                       0x080000e7   Thumb Code     0  startup_stm32f0xx.o(.text)
    TIM2_IRQHandler                          0x080000e7   Thumb Code     0  startup_stm32f0xx.o(.text)
    TIM3_IRQHandler                          0x080000e7   Thumb Code     0  startup_stm32f0xx.o(.text)
    TIM6_DAC_IRQHandler                      0x080000e7   Thumb Code     0  startup_stm32f0xx.o(.text)
    TS_IRQHandler                            0x080000e7   Thumb Code     0  startup_stm32f0xx.o(.text)
    USART1_IRQHandler                        0x080000e7   Thumb Code     0  startup_stm32f0xx.o(.text)
    USART2_IRQHandler                        0x080000e7   Thumb Code     0  startup_stm32f0xx.o(.text)
    WWDG_IRQHandler                          0x080000e7   Thumb Code     0  startup_stm32f0xx.o(.text)
    delay                                    0x080000f1   Thumb Code    12  main.o(.text)
    debounce                                 0x080000fd   Thumb Code    40  main.o(.text)
    pali_ledicu                              0x08000125   Thumb Code   390  main.o(.text)
    main                                     0x080002ab   Thumb Code    86  main.o(.text)
    EXTI2_3_IRQHandler                       0x08000301   Thumb Code   158  main.o(.text)
    SystemInit                               0x0800048f   Thumb Code   110  system_stm32f0xx.o(.text)
    SystemCoreClockUpdate                    0x080004fd   Thumb Code   154  system_stm32f0xx.o(.text)
    init_rgb                                 0x080005b9   Thumb Code    60  initial.o(.text)
    init_tipka                               0x080005f5   Thumb Code    44  initial.o(.text)
    init_inttipka                            0x08000621   Thumb Code    68  initial.o(.text)
    EXTI_DeInit                              0x08000671   Thumb Code    20  stm32f0xx_exti.o(.text)
    EXTI_Init                                0x08000685   Thumb Code   132  stm32f0xx_exti.o(.text)
    EXTI_StructInit                          0x08000709   Thumb Code    16  stm32f0xx_exti.o(.text)
    EXTI_GenerateSWInterrupt                 0x08000719   Thumb Code    12  stm32f0xx_exti.o(.text)
    EXTI_GetFlagStatus                       0x08000725   Thumb Code    20  stm32f0xx_exti.o(.text)
    EXTI_ClearFlag                           0x08000739   Thumb Code     6  stm32f0xx_exti.o(.text)
    EXTI_GetITStatus                         0x0800073f   Thumb Code    34  stm32f0xx_exti.o(.text)
    EXTI_ClearITPendingBit                   0x08000761   Thumb Code     6  stm32f0xx_exti.o(.text)
    GPIO_DeInit                              0x08000775   Thumb Code   132  stm32f0xx_gpio.o(.text)
    GPIO_Init                                0x080007f9   Thumb Code   144  stm32f0xx_gpio.o(.text)
    GPIO_StructInit                          0x08000889   Thumb Code    20  stm32f0xx_gpio.o(.text)
    GPIO_PinLockConfig                       0x0800089d   Thumb Code    34  stm32f0xx_gpio.o(.text)
    GPIO_ReadInputDataBit                    0x080008bf   Thumb Code    18  stm32f0xx_gpio.o(.text)
    GPIO_ReadInputData                       0x080008d1   Thumb Code     6  stm32f0xx_gpio.o(.text)
    GPIO_ReadOutputDataBit                   0x080008d7   Thumb Code    18  stm32f0xx_gpio.o(.text)
    GPIO_ReadOutputData                      0x080008e9   Thumb Code     6  stm32f0xx_gpio.o(.text)
    GPIO_SetBits                             0x080008ef   Thumb Code     4  stm32f0xx_gpio.o(.text)
    GPIO_ResetBits                           0x080008f3   Thumb Code     4  stm32f0xx_gpio.o(.text)
    GPIO_WriteBit                            0x080008f7   Thumb Code    12  stm32f0xx_gpio.o(.text)
    GPIO_Write                               0x08000903   Thumb Code     4  stm32f0xx_gpio.o(.text)
    GPIO_PinAFConfig                         0x08000907   Thumb Code    68  stm32f0xx_gpio.o(.text)
    NVIC_Init                                0x08000961   Thumb Code   106  stm32f0xx_misc.o(.text)
    NVIC_SystemLPConfig                      0x080009cb   Thumb Code    28  stm32f0xx_misc.o(.text)
    SysTick_CLKSourceConfig                  0x080009e7   Thumb Code    32  stm32f0xx_misc.o(.text)
    RCC_DeInit                               0x08000a15   Thumb Code   104  stm32f0xx_rcc.o(.text)
    RCC_HSEConfig                            0x08000a7d   Thumb Code    12  stm32f0xx_rcc.o(.text)
    RCC_GetFlagStatus                        0x08000a89   Thumb Code    66  stm32f0xx_rcc.o(.text)
    RCC_WaitForHSEStartUp                    0x08000acb   Thumb Code    60  stm32f0xx_rcc.o(.text)
    RCC_AdjustHSICalibrationValue            0x08000b07   Thumb Code    26  stm32f0xx_rcc.o(.text)
    RCC_HSICmd                               0x08000b21   Thumb Code    32  stm32f0xx_rcc.o(.text)
    RCC_AdjustHSI14CalibrationValue          0x08000b41   Thumb Code    26  stm32f0xx_rcc.o(.text)
    RCC_HSI14Cmd                             0x08000b5b   Thumb Code    32  stm32f0xx_rcc.o(.text)
    RCC_HSI14ADCRequestCmd                   0x08000b7b   Thumb Code    32  stm32f0xx_rcc.o(.text)
    RCC_LSEConfig                            0x08000b9b   Thumb Code    34  stm32f0xx_rcc.o(.text)
    RCC_LSEDriveConfig                       0x08000bbd   Thumb Code    22  stm32f0xx_rcc.o(.text)
    RCC_LSICmd                               0x08000bd3   Thumb Code    32  stm32f0xx_rcc.o(.text)
    RCC_PLLConfig                            0x08000bf3   Thumb Code    30  stm32f0xx_rcc.o(.text)
    RCC_PLLCmd                               0x08000c11   Thumb Code    36  stm32f0xx_rcc.o(.text)
    RCC_PREDIV1Config                        0x08000c35   Thumb Code    24  stm32f0xx_rcc.o(.text)
    RCC_ClockSecuritySystemCmd               0x08000c4d   Thumb Code    36  stm32f0xx_rcc.o(.text)
    RCC_MCOConfig                            0x08000c71   Thumb Code     6  stm32f0xx_rcc.o(.text)
    RCC_SYSCLKConfig                         0x08000c77   Thumb Code    24  stm32f0xx_rcc.o(.text)
    RCC_GetSYSCLKSource                      0x08000c8f   Thumb Code    10  stm32f0xx_rcc.o(.text)
    RCC_HCLKConfig                           0x08000c99   Thumb Code    28  stm32f0xx_rcc.o(.text)
    RCC_PCLKConfig                           0x08000cb5   Thumb Code    30  stm32f0xx_rcc.o(.text)
    RCC_ADCCLKConfig                         0x08000cd3   Thumb Code    52  stm32f0xx_rcc.o(.text)
    RCC_CECCLKConfig                         0x08000d07   Thumb Code    22  stm32f0xx_rcc.o(.text)
    RCC_I2CCLKConfig                         0x08000d1d   Thumb Code    22  stm32f0xx_rcc.o(.text)
    RCC_USARTCLKConfig                       0x08000d33   Thumb Code    22  stm32f0xx_rcc.o(.text)
    RCC_GetClocksFreq                        0x08000d49   Thumb Code   368  stm32f0xx_rcc.o(.text)
    RCC_RTCCLKConfig                         0x08000eb9   Thumb Code    12  stm32f0xx_rcc.o(.text)
    RCC_RTCCLKCmd                            0x08000ec5   Thumb Code    36  stm32f0xx_rcc.o(.text)
    RCC_BackupResetCmd                       0x08000ee9   Thumb Code    36  stm32f0xx_rcc.o(.text)
    RCC_AHBPeriphClockCmd                    0x08000f0d   Thumb Code    28  stm32f0xx_rcc.o(.text)
    RCC_APB2PeriphClockCmd                   0x08000f29   Thumb Code    28  stm32f0xx_rcc.o(.text)
    RCC_APB1PeriphClockCmd                   0x08000f45   Thumb Code    28  stm32f0xx_rcc.o(.text)
    RCC_AHBPeriphResetCmd                    0x08000f61   Thumb Code    28  stm32f0xx_rcc.o(.text)
    RCC_APB2PeriphResetCmd                   0x08000f7d   Thumb Code    28  stm32f0xx_rcc.o(.text)
    RCC_APB1PeriphResetCmd                   0x08000f99   Thumb Code    28  stm32f0xx_rcc.o(.text)
    RCC_ITConfig                             0x08000fb5   Thumb Code    28  stm32f0xx_rcc.o(.text)
    RCC_ClearFlag                            0x08000fd1   Thumb Code    16  stm32f0xx_rcc.o(.text)
    RCC_GetITStatus                          0x08000fe1   Thumb Code    20  stm32f0xx_rcc.o(.text)
    RCC_ClearITPendingBit                    0x08000ff5   Thumb Code     6  stm32f0xx_rcc.o(.text)
    SYSCFG_DeInit                            0x08001009   Thumb Code    40  stm32f0xx_syscfg.o(.text)
    SYSCFG_MemoryRemapConfig                 0x08001031   Thumb Code    24  stm32f0xx_syscfg.o(.text)
    SYSCFG_DMAChannelRemapConfig             0x08001049   Thumb Code    28  stm32f0xx_syscfg.o(.text)
    SYSCFG_I2CFastModePlusConfig             0x08001065   Thumb Code    28  stm32f0xx_syscfg.o(.text)
    SYSCFG_EXTILineConfig                    0x08001081   Thumb Code    66  stm32f0xx_syscfg.o(.text)
    SYSCFG_BreakConfig                       0x080010c3   Thumb Code    12  stm32f0xx_syscfg.o(.text)
    SYSCFG_GetFlagStatus                     0x080010cf   Thumb Code    24  stm32f0xx_syscfg.o(.text)
    SYSCFG_ClearFlag                         0x080010e7   Thumb Code    12  stm32f0xx_syscfg.o(.text)
    __aeabi_uidiv                            0x080010f9   Thumb Code     0  uidiv.o(.text)
    __aeabi_uidivmod                         0x080010f9   Thumb Code    44  uidiv.o(.text)
    rand                                     0x08001125   Thumb Code    18  rand.o(.text)
    srand                                    0x08001137   Thumb Code     6  rand.o(.text)
    __scatterload                            0x08001149   Thumb Code    28  init.o(.text)
    __scatterload_rt2                        0x08001149   Thumb Code     0  init.o(.text)
    __decompress                             0x0800116d   Thumb Code     0  __dczerorl2.o(.text)
    __decompress1                            0x0800116d   Thumb Code    86  __dczerorl2.o(.text)
    __scatterload_copy                       0x080011c3   Thumb Code    14  handlers.o(i.__scatterload_copy)
    __scatterload_null                       0x080011d1   Thumb Code     2  handlers.o(i.__scatterload_null)
    __scatterload_zeroinit                   0x080011d3   Thumb Code    14  handlers.o(i.__scatterload_zeroinit)
    Region$$Table$$Base                      0x080011e0   Number         0  anon$$obj.o(Region$$Table)
    Region$$Table$$Limit                     0x08001200   Number         0  anon$$obj.o(Region$$Table)
    raspored                                 0x20000000   Data         252  main.o(.data)
    value                                    0x200000fc   Data           2  main.o(.data)
    f                                        0x200000fe   Data           1  main.o(.data)
    a                                        0x20000100   Data           4  main.o(.data)
    i                                        0x20000104   Data           4  main.o(.data)
    SystemCoreClock                          0x20000108   Data           4  system_stm32f0xx.o(.data)
    AHBPrescTable                            0x2000010c   Data          16  system_stm32f0xx.o(.data)
    __initial_sp                             0x20000530   Data           0  startup_stm32f0xx.o(STACK)



==============================================================================

Memory Map of the image

  Image Entry point : 0x080000d5

  Load Region LR_1 (Base: 0x08000000, Size: 0x00001330, Max: 0xffffffff, ABSOLUTE, COMPRESSED[0x00001270])

    Execution Region ER_RO (Base: 0x08000000, Size: 0x00001200, Max: 0xffffffff, ABSOLUTE)

    Base Addr    Size         Type   Attr      Idx    E Section Name        Object

    0x08000000   0x000000c0   Data   RO            3    RESET               startup_stm32f0xx.o
    0x080000c0   0x00000000   Code   RO          222  * .ARM.Collect$$$$00000000  mc_p.l(entry.o)
    0x080000c0   0x00000004   Code   RO          230    .ARM.Collect$$$$00000001  mc_p.l(entry2.o)
    0x080000c4   0x00000004   Code   RO          233    .ARM.Collect$$$$00000004  mc_p.l(entry5.o)
    0x080000c8   0x00000000   Code   RO          235    .ARM.Collect$$$$00000008  mc_p.l(entry7b.o)
    0x080000c8   0x00000000   Code   RO          237    .ARM.Collect$$$$0000000A  mc_p.l(entry8b.o)
    0x080000c8   0x00000008   Code   RO          238    .ARM.Collect$$$$0000000B  mc_p.l(entry9a.o)
    0x080000d0   0x00000000   Code   RO          240    .ARM.Collect$$$$0000000D  mc_p.l(entry10a.o)
    0x080000d0   0x00000000   Code   RO          242    .ARM.Collect$$$$0000000F  mc_p.l(entry11a.o)
    0x080000d0   0x00000004   Code   RO          231    .ARM.Collect$$$$00002712  mc_p.l(entry2.o)
    0x080000d4   0x0000001c   Code   RO            4  * .text               startup_stm32f0xx.o
    0x080000f0   0x000002d4   Code   RO           12    .text               main.o
    0x080003c4   0x000001f4   Code   RO           76    .text               system_stm32f0xx.o
    0x080005b8   0x000000b8   Code   RO          102    .text               initial.o
    0x08000670   0x00000104   Code   RO          122    .text               stm32f0xx_exti.o
    0x08000774   0x000001ec   Code   RO          142    .text               stm32f0xx_gpio.o
    0x08000960   0x000000b4   Code   RO          162    .text               stm32f0xx_misc.o
    0x08000a14   0x000005f4   Code   RO          182    .text               stm32f0xx_rcc.o
    0x08001008   0x000000f0   Code   RO          204    .text               stm32f0xx_syscfg.o
    0x080010f8   0x0000002c   Code   RO          225    .text               mc_p.l(uidiv.o)
    0x08001124   0x00000024   Code   RO          227    .text               mc_p.l(rand.o)
    0x08001148   0x00000024   Code   RO          244    .text               mc_p.l(init.o)
    0x0800116c   0x00000056   Code   RO          254    .text               mc_p.l(__dczerorl2.o)
    0x080011c2   0x0000000e   Code   RO          248    i.__scatterload_copy  mc_p.l(handlers.o)
    0x080011d0   0x00000002   Code   RO          249    i.__scatterload_null  mc_p.l(handlers.o)
    0x080011d2   0x0000000e   Code   RO          250    i.__scatterload_zeroinit  mc_p.l(handlers.o)
    0x080011e0   0x00000020   Data   RO          246    Region$$Table       anon$$obj.o


    Execution Region ER_RW (Base: 0x20000000, Size: 0x00000130, Max: 0xffffffff, ABSOLUTE, COMPRESSED[0x00000070])

    Base Addr    Size         Type   Attr      Idx    E Section Name        Object

    0x20000000   0x00000108   Data   RW           13    .data               main.o
    0x20000108   0x00000014   Data   RW           77    .data               system_stm32f0xx.o
    0x2000011c   0x00000010   Data   RW          183    .data               stm32f0xx_rcc.o
    0x2000012c   0x00000004   Data   RW          228    .data               mc_p.l(rand.o)


    Execution Region ER_ZI (Base: 0x20000130, Size: 0x00000400, Max: 0xffffffff, ABSOLUTE)

    Base Addr    Size         Type   Attr      Idx    E Section Name        Object

    0x20000130   0x00000400   Zero   RW            1    STACK               startup_stm32f0xx.o


==============================================================================

Image component sizes


      Code (inc. data)   RO Data    RW Data    ZI Data      Debug   Object Name

       184         12          0          0          0        788   initial.o
       724         38          0        264          0     107192   main.o
        28          8        192          0       1024        600   startup_stm32f0xx.o
       260         14          0          0          0       2047   stm32f0xx_exti.o
       492         22          0          0          0       3477   stm32f0xx_gpio.o
       180         14          0          0          0       1160   stm32f0xx_misc.o
      1524         44          0         16          0       8242   stm32f0xx_rcc.o
       240          6          0          0          0       1918   stm32f0xx_syscfg.o
       500         34          0         20          0       1515   system_stm32f0xx.o

    ----------------------------------------------------------------------
      4132        192        224        300       1024     126939   Object Totals
         0          0         32          0          0          0   (incl. Generated)
         0          0          0          0          0          0   (incl. Padding)

    ----------------------------------------------------------------------

      Code (inc. data)   RO Data    RW Data    ZI Data      Debug   Library Member Name

        86          0          0          0          0          0   __dczerorl2.o
         0          0          0          0          0          0   entry.o
         0          0          0          0          0          0   entry10a.o
         0          0          0          0          0          0   entry11a.o
         8          4          0          0          0          0   entry2.o
         4          0          0          0          0          0   entry5.o
         0          0          0          0          0          0   entry7b.o
         0          0          0          0          0          0   entry8b.o
         8          4          0          0          0          0   entry9a.o
        30          0          0          0          0          0   handlers.o
        36          8          0          0          0         68   init.o
        36         12          0          4          0        120   rand.o
        44          0          0          0          0         72   uidiv.o

    ----------------------------------------------------------------------
       252         28          0          4          0        260   Library Totals
         0          0          0          0          0          0   (incl. Padding)

    ----------------------------------------------------------------------

      Code (inc. data)   RO Data    RW Data    ZI Data      Debug   Library Name

       252         28          0          4          0        260   mc_p.l

    ----------------------------------------------------------------------
       252         28          0          4          0        260   Library Totals

    ----------------------------------------------------------------------

==============================================================================


      Code (inc. data)   RO Data    RW Data    ZI Data      Debug   

      4384        220        224        304       1024     126487   Grand Totals
      4384        220        224        112       1024     126487   ELF Image Totals (compressed)
      4384        220        224        112          0          0   ROM Totals

==============================================================================

    Total RO  Size (Code + RO Data)                 4608 (   4.50kB)
    Total RW  Size (RW Data + ZI Data)              1328 (   1.30kB)
    Total ROM Size (Code + RO Data + RW Data)       4720 (   4.61kB)

==============================================================================

