<html>
<body>
<pre>
<h1>µVision Build Log</h1>
<h2>Project:</h2>
D:\FER\OneDrive\Projekti\Projekt_JednorukiJack\simulacijska_plocica\kodovi\lasvegas.uvproj
Project File Date:  01/09/2014

<h2>Output:</h2>
Rebuild target 'Target 1'
assembling startup_stm32f0xx.s...
compiling main.c...
compiling system_stm32f0xx.c...
compiling initial.c...
compiling stm32f0xx_exti.c...
compiling stm32f0xx_gpio.c...
compiling stm32f0xx_misc.c...
compiling stm32f0xx_rcc.c...
compiling stm32f0xx_syscfg.c...
linking...
Program Size: Code=4384 RO-data=224 RW-data=304 ZI-data=1024  
".\lasvegas.axf" - 0 Error(s), 0 Warning(s).
</pre>
</body>
</html>
